PWL solver....
Solvent name:           Water
Static diel. constant:  78.39
Optical diel. constant: 78.39
Solvent radius:         1.385
21 prototypes
Energy: -2.07158
